ARM Linker, 5.03 [Build 24] [MDK-ARM Lite]

==============================================================================

Section Cross References

    startup_stm32f4xx.o(STACK) refers (Special) to heapauxi.o(.text) for __use_two_region_memory
    startup_stm32f4xx.o(HEAP) refers (Special) to heapauxi.o(.text) for __use_two_region_memory
    startup_stm32f4xx.o(RESET) refers (Special) to heapauxi.o(.text) for __use_two_region_memory
    startup_stm32f4xx.o(RESET) refers to startup_stm32f4xx.o(STACK) for __initial_sp
    startup_stm32f4xx.o(RESET) refers to startup_stm32f4xx.o(.text) for Reset_Handler
    startup_stm32f4xx.o(RESET) refers to main.o(.text) for TIM4_IRQHandler
    startup_stm32f4xx.o(.text) refers (Special) to heapauxi.o(.text) for __use_two_region_memory
    startup_stm32f4xx.o(.text) refers to system_stm32f4xx.o(.text) for SystemInit
    startup_stm32f4xx.o(.text) refers to __main.o(!!!main) for __main
    startup_stm32f4xx.o(.text) refers to startup_stm32f4xx.o(HEAP) for Heap_Mem
    startup_stm32f4xx.o(.text) refers to startup_stm32f4xx.o(STACK) for Stack_Mem
    system_stm32f4xx.o(.text) refers to system_stm32f4xx.o(.data) for SystemCoreClock
    stm32f4xx_usart.o(.text) refers to stm32f4xx_rcc.o(.text) for RCC_APB2PeriphResetCmd
    stm32f4xx_tim.o(.text) refers to stm32f4xx_rcc.o(.text) for RCC_APB2PeriphResetCmd
    stm32f4xx_sdio.o(.text) refers to stm32f4xx_rcc.o(.text) for RCC_APB2PeriphResetCmd
    stm32f4xx_rcc.o(.text) refers to stm32f4xx_rcc.o(.data) for APBAHBPrescTable
    stm32f4xx_gpio.o(.text) refers to stm32f4xx_rcc.o(.text) for RCC_AHB1PeriphResetCmd
    main.o(.text) refers to stm32f4xx_rcc.o(.text) for RCC_AHB1PeriphClockCmd
    main.o(.text) refers to stm32f4xx_gpio.o(.text) for GPIO_Init
    main.o(.text) refers to stm32f4xx_tim.o(.text) for TIM_TimeBaseStructInit
    main.o(.text) refers to stm32f4xx_usart.o(.text) for USART_Init
    main.o(.text) refers to midi.o(.text) for sendNoteOn
    main.o(.text) refers to main.o(.bss) for timer
    main.o(.text) refers to main.o(.data) for curNote
    midi.o(.text) refers to main.o(.bss) for midiMessagesArray
    __main.o(!!!main) refers to rtentry.o(.ARM.Collect$$rtentry$$00000000) for __rt_entry
    rtentry.o(.ARM.Collect$$rtentry$$00000000) refers (Special) to rtentry2.o(.ARM.Collect$$rtentry$$0000000A) for __rt_entry_li
    rtentry.o(.ARM.Collect$$rtentry$$00000000) refers (Special) to rtentry2.o(.ARM.Collect$$rtentry$$0000000D) for __rt_entry_main
    rtentry.o(.ARM.Collect$$rtentry$$00000000) refers (Special) to rtentry2.o(.ARM.Collect$$rtentry$$0000000C) for __rt_entry_postli_1
    rtentry.o(.ARM.Collect$$rtentry$$00000000) refers (Special) to rtentry2.o(.ARM.Collect$$rtentry$$00000009) for __rt_entry_postsh_1
    rtentry.o(.ARM.Collect$$rtentry$$00000000) refers (Special) to rtentry2.o(.ARM.Collect$$rtentry$$00000002) for __rt_entry_presh_1
    rtentry.o(.ARM.Collect$$rtentry$$00000000) refers (Special) to rtentry4.o(.ARM.Collect$$rtentry$$00000004) for __rt_entry_sh
    rtentry2.o(.ARM.Collect$$rtentry$$00000008) refers to boardinit2.o(.text) for _platform_post_stackheap_init
    rtentry2.o(.ARM.Collect$$rtentry$$0000000A) refers to libinit.o(.ARM.Collect$$libinit$$00000000) for __rt_lib_init
    rtentry2.o(.ARM.Collect$$rtentry$$0000000B) refers to boardinit3.o(.text) for _platform_post_lib_init
    rtentry2.o(.ARM.Collect$$rtentry$$0000000D) refers to main.o(.text) for main
    rtentry2.o(.ARM.Collect$$rtentry$$0000000D) refers to exit.o(.text) for exit
    rtentry2.o(.ARM.exidx) refers to rtentry2.o(.ARM.Collect$$rtentry$$00000001) for .ARM.Collect$$rtentry$$00000001
    rtentry2.o(.ARM.exidx) refers to rtentry2.o(.ARM.Collect$$rtentry$$00000008) for .ARM.Collect$$rtentry$$00000008
    rtentry2.o(.ARM.exidx) refers to rtentry2.o(.ARM.Collect$$rtentry$$0000000A) for .ARM.Collect$$rtentry$$0000000A
    rtentry2.o(.ARM.exidx) refers to rtentry2.o(.ARM.Collect$$rtentry$$0000000B) for .ARM.Collect$$rtentry$$0000000B
    rtentry2.o(.ARM.exidx) refers to rtentry2.o(.ARM.Collect$$rtentry$$0000000D) for .ARM.Collect$$rtentry$$0000000D
    rtentry4.o(.ARM.Collect$$rtentry$$00000004) refers to sys_stackheap_outer.o(.text) for __user_setup_stackheap
    rtentry4.o(.ARM.exidx) refers to rtentry4.o(.ARM.Collect$$rtentry$$00000004) for .ARM.Collect$$rtentry$$00000004
    sys_stackheap_outer.o(.text) refers to libspace.o(.text) for __user_perproc_libspace
    sys_stackheap_outer.o(.text) refers to startup_stm32f4xx.o(.text) for __user_initial_stackheap
    exit.o(.text) refers to rtexit.o(.ARM.Collect$$rtexit$$00000000) for __rt_exit
    libinit.o(.ARM.Collect$$libinit$$00000000) refers (Special) to libinit2.o(.ARM.Collect$$libinit$$0000002C) for __rt_lib_init_alloca_1
    libinit.o(.ARM.Collect$$libinit$$00000000) refers (Special) to libinit2.o(.ARM.Collect$$libinit$$0000002A) for __rt_lib_init_argv_1
    libinit.o(.ARM.Collect$$libinit$$00000000) refers (Special) to libinit2.o(.ARM.Collect$$libinit$$00000019) for __rt_lib_init_atexit_1
    libinit.o(.ARM.Collect$$libinit$$00000000) refers (Special) to libinit2.o(.ARM.Collect$$libinit$$0000001F) for __rt_lib_init_clock_1
    libinit.o(.ARM.Collect$$libinit$$00000000) refers (Special) to libinit2.o(.ARM.Collect$$libinit$$00000030) for __rt_lib_init_cpp_1
    libinit.o(.ARM.Collect$$libinit$$00000000) refers (Special) to libinit2.o(.ARM.Collect$$libinit$$0000002E) for __rt_lib_init_exceptions_1
    libinit.o(.ARM.Collect$$libinit$$00000000) refers (Special) to libinit2.o(.ARM.Collect$$libinit$$00000001) for __rt_lib_init_fp_1
    libinit.o(.ARM.Collect$$libinit$$00000000) refers (Special) to libinit2.o(.ARM.Collect$$libinit$$0000001D) for __rt_lib_init_fp_trap_1
    libinit.o(.ARM.Collect$$libinit$$00000000) refers (Special) to libinit2.o(.ARM.Collect$$libinit$$00000021) for __rt_lib_init_getenv_1
    libinit.o(.ARM.Collect$$libinit$$00000000) refers (Special) to libinit2.o(.ARM.Collect$$libinit$$00000008) for __rt_lib_init_heap_1
    libinit.o(.ARM.Collect$$libinit$$00000000) refers (Special) to libinit2.o(.ARM.Collect$$libinit$$0000000F) for __rt_lib_init_lc_collate_1
    libinit.o(.ARM.Collect$$libinit$$00000000) refers (Special) to libinit2.o(.ARM.Collect$$libinit$$00000011) for __rt_lib_init_lc_ctype_1
    libinit.o(.ARM.Collect$$libinit$$00000000) refers (Special) to libinit2.o(.ARM.Collect$$libinit$$00000013) for __rt_lib_init_lc_monetary_1
    libinit.o(.ARM.Collect$$libinit$$00000000) refers (Special) to libinit2.o(.ARM.Collect$$libinit$$00000015) for __rt_lib_init_lc_numeric_1
    libinit.o(.ARM.Collect$$libinit$$00000000) refers (Special) to libinit2.o(.ARM.Collect$$libinit$$00000017) for __rt_lib_init_lc_time_1
    libinit.o(.ARM.Collect$$libinit$$00000000) refers (Special) to libinit2.o(.ARM.Collect$$libinit$$0000000C) for __rt_lib_init_rand_1
    libinit.o(.ARM.Collect$$libinit$$00000000) refers (Special) to libinit2.o(.ARM.Collect$$libinit$$00000031) for __rt_lib_init_return
    libinit.o(.ARM.Collect$$libinit$$00000000) refers (Special) to libinit2.o(.ARM.Collect$$libinit$$0000001B) for __rt_lib_init_signal_1
    libinit.o(.ARM.Collect$$libinit$$00000000) refers (Special) to libinit2.o(.ARM.Collect$$libinit$$00000023) for __rt_lib_init_stdio_1
    libinit.o(.ARM.Collect$$libinit$$00000000) refers (Special) to libinit2.o(.ARM.Collect$$libinit$$0000000A) for __rt_lib_init_user_alloc_1
    libspace.o(.text) refers to libspace.o(.bss) for __libspace_start
    rtexit.o(.ARM.Collect$$rtexit$$00000000) refers (Special) to rtexit2.o(.ARM.Collect$$rtexit$$00000004) for __rt_exit_exit
    rtexit.o(.ARM.Collect$$rtexit$$00000000) refers (Special) to rtexit2.o(.ARM.Collect$$rtexit$$00000003) for __rt_exit_ls
    rtexit.o(.ARM.Collect$$rtexit$$00000000) refers (Special) to rtexit2.o(.ARM.Collect$$rtexit$$00000002) for __rt_exit_prels_1
    rtexit.o(.ARM.exidx) refers (Special) to rtexit2.o(.ARM.Collect$$rtexit$$00000004) for __rt_exit_exit
    rtexit.o(.ARM.exidx) refers (Special) to rtexit2.o(.ARM.Collect$$rtexit$$00000003) for __rt_exit_ls
    rtexit.o(.ARM.exidx) refers (Special) to rtexit2.o(.ARM.Collect$$rtexit$$00000002) for __rt_exit_prels_1
    rtexit.o(.ARM.exidx) refers to rtexit.o(.ARM.Collect$$rtexit$$00000000) for .ARM.Collect$$rtexit$$00000000
    libinit2.o(.ARM.Collect$$libinit$$00000001) refers to fpinit.o(x$fpl$fpinit) for _fp_init
    libinit2.o(.ARM.Collect$$libinit$$0000000E) refers to libinit2.o(.ARM.Collect$$libinit$$0000000D) for .ARM.Collect$$libinit$$0000000D
    libinit2.o(.ARM.Collect$$libinit$$00000010) refers to libinit2.o(.ARM.Collect$$libinit$$0000000D) for .ARM.Collect$$libinit$$0000000D
    libinit2.o(.ARM.Collect$$libinit$$00000012) refers to libinit2.o(.ARM.Collect$$libinit$$0000000D) for .ARM.Collect$$libinit$$0000000D
    libinit2.o(.ARM.Collect$$libinit$$00000014) refers to libinit2.o(.ARM.Collect$$libinit$$0000000D) for .ARM.Collect$$libinit$$0000000D
    libinit2.o(.ARM.Collect$$libinit$$00000016) refers to libinit2.o(.ARM.Collect$$libinit$$0000000D) for .ARM.Collect$$libinit$$0000000D
    libinit2.o(.ARM.Collect$$libinit$$00000024) refers to argv_veneer.o(.emb_text) for __ARM_argv_veneer
    libinit2.o(.ARM.Collect$$libinit$$00000025) refers to argv_veneer.o(.emb_text) for __ARM_argv_veneer
    rtexit2.o(.ARM.Collect$$rtexit$$00000003) refers to libshutdown.o(.ARM.Collect$$libshutdown$$00000000) for __rt_lib_shutdown
    rtexit2.o(.ARM.Collect$$rtexit$$00000004) refers to sys_exit.o(.text) for _sys_exit
    rtexit2.o(.ARM.exidx) refers to rtexit2.o(.ARM.Collect$$rtexit$$00000001) for .ARM.Collect$$rtexit$$00000001
    rtexit2.o(.ARM.exidx) refers to rtexit2.o(.ARM.Collect$$rtexit$$00000003) for .ARM.Collect$$rtexit$$00000003
    rtexit2.o(.ARM.exidx) refers to rtexit2.o(.ARM.Collect$$rtexit$$00000004) for .ARM.Collect$$rtexit$$00000004
    argv_veneer.o(.emb_text) refers to no_argv.o(.text) for __ARM_get_argv
    sys_exit.o(.text) refers (Special) to use_no_semi.o(.text) for __I$use$semihosting
    sys_exit.o(.text) refers (Special) to indicate_semi.o(.text) for __semihosting_library_function
    _get_argv_nomalloc.o(.text) refers (Special) to hrguard.o(.text) for __heap_region$guard
    _get_argv_nomalloc.o(.text) refers to defsig_rtmem_outer.o(.text) for __rt_SIGRTMEM
    _get_argv_nomalloc.o(.text) refers to sys_command.o(.text) for _sys_command_string
    libshutdown.o(.ARM.Collect$$libshutdown$$00000000) refers (Special) to libshutdown2.o(.ARM.Collect$$libshutdown$$00000006) for __rt_lib_shutdown_fp_trap_1
    libshutdown.o(.ARM.Collect$$libshutdown$$00000000) refers (Special) to libshutdown2.o(.ARM.Collect$$libshutdown$$0000000E) for __rt_lib_shutdown_heap_1
    libshutdown.o(.ARM.Collect$$libshutdown$$00000000) refers (Special) to libshutdown2.o(.ARM.Collect$$libshutdown$$0000000F) for __rt_lib_shutdown_return
    libshutdown.o(.ARM.Collect$$libshutdown$$00000000) refers (Special) to libshutdown2.o(.ARM.Collect$$libshutdown$$00000009) for __rt_lib_shutdown_signal_1
    libshutdown.o(.ARM.Collect$$libshutdown$$00000000) refers (Special) to libshutdown2.o(.ARM.Collect$$libshutdown$$00000003) for __rt_lib_shutdown_stdio_1
    libshutdown.o(.ARM.Collect$$libshutdown$$00000000) refers (Special) to libshutdown2.o(.ARM.Collect$$libshutdown$$0000000B) for __rt_lib_shutdown_user_alloc_1
    sys_command.o(.text) refers (Special) to use_no_semi.o(.text) for __I$use$semihosting
    sys_command.o(.text) refers (Special) to indicate_semi.o(.text) for __semihosting_library_function
    defsig_rtmem_outer.o(.text) refers to defsig_rtmem_inner.o(.text) for __rt_SIGRTMEM_inner
    defsig_rtmem_outer.o(.text) refers to defsig_exit.o(.text) for __sig_exit
    defsig_rtmem_formal.o(.text) refers to rt_raise.o(.text) for __rt_raise
    rt_raise.o(.text) refers to __raise.o(.text) for __raise
    rt_raise.o(.text) refers to sys_exit.o(.text) for _sys_exit
    defsig_exit.o(.text) refers to sys_exit.o(.text) for _sys_exit
    defsig_rtmem_inner.o(.text) refers to defsig_general.o(.text) for __default_signal_display
    __raise.o(.text) refers to defsig.o(CL$$defsig) for __default_signal_handler
    defsig_general.o(.text) refers to sys_wrch.o(.text) for _ttywrch
    sys_wrch.o(.text) refers (Special) to use_no_semi.o(.text) for __I$use$semihosting
    sys_wrch.o(.text) refers (Special) to indicate_semi.o(.text) for __semihosting_library_function
    defsig.o(CL$$defsig) refers to defsig_rtmem_inner.o(.text) for __rt_SIGRTMEM_inner
    defsig_abrt_inner.o(.text) refers to defsig_general.o(.text) for __default_signal_display
    defsig_fpe_inner.o(.text) refers to defsig_general.o(.text) for __default_signal_display
    defsig_rtred_inner.o(.text) refers to defsig_general.o(.text) for __default_signal_display
    defsig_stak_inner.o(.text) refers to defsig_general.o(.text) for __default_signal_display
    defsig_pvfn_inner.o(.text) refers to defsig_general.o(.text) for __default_signal_display
    defsig_cppl_inner.o(.text) refers to defsig_general.o(.text) for __default_signal_display
    defsig_segv_inner.o(.text) refers to defsig_general.o(.text) for __default_signal_display
    defsig_other.o(.text) refers to defsig_general.o(.text) for __default_signal_display


==============================================================================

Removing Unused input sections from the image.

    Removing system_stm32f4xx.o(.rev16_text), (4 bytes).
    Removing system_stm32f4xx.o(.revsh_text), (4 bytes).
    Removing stm32f4xx_usart.o(.rev16_text), (4 bytes).
    Removing stm32f4xx_usart.o(.revsh_text), (4 bytes).
    Removing stm32f4xx_tim.o(.rev16_text), (4 bytes).
    Removing stm32f4xx_tim.o(.revsh_text), (4 bytes).
    Removing stm32f4xx_sdio.o(.rev16_text), (4 bytes).
    Removing stm32f4xx_sdio.o(.revsh_text), (4 bytes).
    Removing stm32f4xx_sdio.o(.text), (484 bytes).
    Removing stm32f4xx_rcc.o(.rev16_text), (4 bytes).
    Removing stm32f4xx_rcc.o(.revsh_text), (4 bytes).
    Removing stm32f4xx_gpio.o(.rev16_text), (4 bytes).
    Removing stm32f4xx_gpio.o(.revsh_text), (4 bytes).
    Removing misc.o(.rev16_text), (4 bytes).
    Removing misc.o(.revsh_text), (4 bytes).
    Removing misc.o(.text), (228 bytes).
    Removing main.o(.rev16_text), (4 bytes).
    Removing main.o(.revsh_text), (4 bytes).
    Removing midi.o(.rev16_text), (4 bytes).
    Removing midi.o(.revsh_text), (4 bytes).

20 unused section(s) (total 784 bytes) removed from the image.

==============================================================================

Image Symbol Table

    Local Symbols

    Symbol Name                              Value     Ov Type        Size  Object(Section)

    ../clib/angel/boardlib.s                 0x00000000   Number         0  boardinit3.o ABSOLUTE
    ../clib/angel/boardlib.s                 0x00000000   Number         0  boardinit1.o ABSOLUTE
    ../clib/angel/boardlib.s                 0x00000000   Number         0  boardinit2.o ABSOLUTE
    ../clib/angel/boardlib.s                 0x00000000   Number         0  boardshut.o ABSOLUTE
    ../clib/angel/handlers.s                 0x00000000   Number         0  __scatter_zi.o ABSOLUTE
    ../clib/angel/handlers.s                 0x00000000   Number         0  __scatter_copy.o ABSOLUTE
    ../clib/angel/kernel.s                   0x00000000   Number         0  rtexit2.o ABSOLUTE
    ../clib/angel/kernel.s                   0x00000000   Number         0  rtexit.o ABSOLUTE
    ../clib/angel/kernel.s                   0x00000000   Number         0  rtentry4.o ABSOLUTE
    ../clib/angel/kernel.s                   0x00000000   Number         0  rtentry2.o ABSOLUTE
    ../clib/angel/kernel.s                   0x00000000   Number         0  rtentry.o ABSOLUTE
    ../clib/angel/rt.s                       0x00000000   Number         0  rt_raise.o ABSOLUTE
    ../clib/angel/scatter.s                  0x00000000   Number         0  __scatter.o ABSOLUTE
    ../clib/angel/startup.s                  0x00000000   Number         0  __main.o ABSOLUTE
    ../clib/angel/sys.s                      0x00000000   Number         0  libspace.o ABSOLUTE
    ../clib/angel/sys.s                      0x00000000   Number         0  sys_stackheap_outer.o ABSOLUTE
    ../clib/angel/sys.s                      0x00000000   Number         0  use_no_semi.o ABSOLUTE
    ../clib/angel/sys.s                      0x00000000   Number         0  indicate_semi.o ABSOLUTE
    ../clib/angel/sysapp.c                   0x00000000   Number         0  sys_exit.o ABSOLUTE
    ../clib/angel/sysapp.c                   0x00000000   Number         0  sys_command.o ABSOLUTE
    ../clib/angel/sysapp.c                   0x00000000   Number         0  sys_wrch.o ABSOLUTE
    ../clib/armsys.c                         0x00000000   Number         0  _get_argv_nomalloc.o ABSOLUTE
    ../clib/armsys.c                         0x00000000   Number         0  no_argv.o ABSOLUTE
    ../clib/armsys.c                         0x00000000   Number         0  argv_veneer.o ABSOLUTE
    ../clib/armsys.c                         0x00000000   Number         0  argv_veneer.o ABSOLUTE
    ../clib/heapalloc.c                      0x00000000   Number         0  hrguard.o ABSOLUTE
    ../clib/heapaux.c                        0x00000000   Number         0  heapauxi.o ABSOLUTE
    ../clib/libinit.s                        0x00000000   Number         0  libshutdown2.o ABSOLUTE
    ../clib/libinit.s                        0x00000000   Number         0  libinit2.o ABSOLUTE
    ../clib/libinit.s                        0x00000000   Number         0  libinit.o ABSOLUTE
    ../clib/libinit.s                        0x00000000   Number         0  libshutdown.o ABSOLUTE
    ../clib/signal.c                         0x00000000   Number         0  defsig_general.o ABSOLUTE
    ../clib/signal.c                         0x00000000   Number         0  __raise.o ABSOLUTE
    ../clib/signal.c                         0x00000000   Number         0  defsig_exit.o ABSOLUTE
    ../clib/signal.c                         0x00000000   Number         0  defsig_rtred_inner.o ABSOLUTE
    ../clib/signal.c                         0x00000000   Number         0  defsig_rtmem_outer.o ABSOLUTE
    ../clib/signal.c                         0x00000000   Number         0  defsig_abrt_inner.o ABSOLUTE
    ../clib/signal.c                         0x00000000   Number         0  defsig_rtmem_formal.o ABSOLUTE
    ../clib/signal.c                         0x00000000   Number         0  defsig_fpe_inner.o ABSOLUTE
    ../clib/signal.c                         0x00000000   Number         0  defsig_stak_inner.o ABSOLUTE
    ../clib/signal.c                         0x00000000   Number         0  defsig_pvfn_inner.o ABSOLUTE
    ../clib/signal.c                         0x00000000   Number         0  defsig_segv_inner.o ABSOLUTE
    ../clib/signal.c                         0x00000000   Number         0  defsig_cppl_inner.o ABSOLUTE
    ../clib/signal.c                         0x00000000   Number         0  defsig_rtmem_inner.o ABSOLUTE
    ../clib/signal.c                         0x00000000   Number         0  defsig_other.o ABSOLUTE
    ../clib/signal.s                         0x00000000   Number         0  defsig.o ABSOLUTE
    ../clib/stdlib.c                         0x00000000   Number         0  exit.o ABSOLUTE
    ../fplib/fpinit.s                        0x00000000   Number         0  fpinit.o ABSOLUTE
    CMSIS\Device\ST\STM32F4xx\Source\Templates\system_stm32f4xx.c 0x00000000   Number         0  system_stm32f4xx.o ABSOLUTE
    CMSIS\\Device\\ST\\STM32F4xx\\Source\\Templates\\system_stm32f4xx.c 0x00000000   Number         0  system_stm32f4xx.o ABSOLUTE
    Main\\main.c                             0x00000000   Number         0  main.o ABSOLUTE
    Main\\midi.c                             0x00000000   Number         0  midi.o ABSOLUTE
    Main\main.c                              0x00000000   Number         0  main.o ABSOLUTE
    Main\midi.c                              0x00000000   Number         0  midi.o ABSOLUTE
    STM32F4xx_SPL\\src\\misc.c               0x00000000   Number         0  misc.o ABSOLUTE
    STM32F4xx_SPL\\src\\stm32f4xx_gpio.c     0x00000000   Number         0  stm32f4xx_gpio.o ABSOLUTE
    STM32F4xx_SPL\\src\\stm32f4xx_rcc.c      0x00000000   Number         0  stm32f4xx_rcc.o ABSOLUTE
    STM32F4xx_SPL\\src\\stm32f4xx_sdio.c     0x00000000   Number         0  stm32f4xx_sdio.o ABSOLUTE
    STM32F4xx_SPL\\src\\stm32f4xx_tim.c      0x00000000   Number         0  stm32f4xx_tim.o ABSOLUTE
    STM32F4xx_SPL\\src\\stm32f4xx_usart.c    0x00000000   Number         0  stm32f4xx_usart.o ABSOLUTE
    STM32F4xx_SPL\src\misc.c                 0x00000000   Number         0  misc.o ABSOLUTE
    STM32F4xx_SPL\src\stm32f4xx_gpio.c       0x00000000   Number         0  stm32f4xx_gpio.o ABSOLUTE
    STM32F4xx_SPL\src\stm32f4xx_rcc.c        0x00000000   Number         0  stm32f4xx_rcc.o ABSOLUTE
    STM32F4xx_SPL\src\stm32f4xx_sdio.c       0x00000000   Number         0  stm32f4xx_sdio.o ABSOLUTE
    STM32F4xx_SPL\src\stm32f4xx_tim.c        0x00000000   Number         0  stm32f4xx_tim.o ABSOLUTE
    STM32F4xx_SPL\src\stm32f4xx_usart.c      0x00000000   Number         0  stm32f4xx_usart.o ABSOLUTE
    dc.s                                     0x00000000   Number         0  dc.o ABSOLUTE
    startup_stm32f4xx.s                      0x00000000   Number         0  startup_stm32f4xx.o ABSOLUTE
    RESET                                    0x08000000   Section      392  startup_stm32f4xx.o(RESET)
    !!!main                                  0x08000188   Section        8  __main.o(!!!main)
    !!!scatter                               0x08000190   Section       52  __scatter.o(!!!scatter)
    !!handler_copy                           0x080001c4   Section       26  __scatter_copy.o(!!handler_copy)
    !!handler_zi                             0x080001e0   Section       28  __scatter_zi.o(!!handler_zi)
    .ARM.Collect$$libinit$$00000000          0x080001fc   Section        2  libinit.o(.ARM.Collect$$libinit$$00000000)
    .ARM.Collect$$libinit$$00000001          0x080001fe   Section        4  libinit2.o(.ARM.Collect$$libinit$$00000001)
    .ARM.Collect$$libinit$$00000008          0x08000202   Section        0  libinit2.o(.ARM.Collect$$libinit$$00000008)
    .ARM.Collect$$libinit$$0000000A          0x08000202   Section        0  libinit2.o(.ARM.Collect$$libinit$$0000000A)
    .ARM.Collect$$libinit$$0000000C          0x08000202   Section        0  libinit2.o(.ARM.Collect$$libinit$$0000000C)
    .ARM.Collect$$libinit$$0000000F          0x08000202   Section        0  libinit2.o(.ARM.Collect$$libinit$$0000000F)
    .ARM.Collect$$libinit$$00000011          0x08000202   Section        0  libinit2.o(.ARM.Collect$$libinit$$00000011)
    .ARM.Collect$$libinit$$00000013          0x08000202   Section        0  libinit2.o(.ARM.Collect$$libinit$$00000013)
    .ARM.Collect$$libinit$$00000015          0x08000202   Section        0  libinit2.o(.ARM.Collect$$libinit$$00000015)
    .ARM.Collect$$libinit$$00000017          0x08000202   Section        0  libinit2.o(.ARM.Collect$$libinit$$00000017)
    .ARM.Collect$$libinit$$00000019          0x08000202   Section        0  libinit2.o(.ARM.Collect$$libinit$$00000019)
    .ARM.Collect$$libinit$$0000001B          0x08000202   Section        0  libinit2.o(.ARM.Collect$$libinit$$0000001B)
    .ARM.Collect$$libinit$$0000001D          0x08000202   Section        0  libinit2.o(.ARM.Collect$$libinit$$0000001D)
    .ARM.Collect$$libinit$$0000001F          0x08000202   Section        0  libinit2.o(.ARM.Collect$$libinit$$0000001F)
    .ARM.Collect$$libinit$$00000021          0x08000202   Section        0  libinit2.o(.ARM.Collect$$libinit$$00000021)
    .ARM.Collect$$libinit$$00000023          0x08000202   Section        0  libinit2.o(.ARM.Collect$$libinit$$00000023)
    .ARM.Collect$$libinit$$0000002A          0x08000202   Section        0  libinit2.o(.ARM.Collect$$libinit$$0000002A)
    .ARM.Collect$$libinit$$0000002C          0x08000202   Section        0  libinit2.o(.ARM.Collect$$libinit$$0000002C)
    .ARM.Collect$$libinit$$0000002E          0x08000202   Section        0  libinit2.o(.ARM.Collect$$libinit$$0000002E)
    .ARM.Collect$$libinit$$00000030          0x08000202   Section        0  libinit2.o(.ARM.Collect$$libinit$$00000030)
    .ARM.Collect$$libinit$$00000031          0x08000202   Section        2  libinit2.o(.ARM.Collect$$libinit$$00000031)
    .ARM.Collect$$libshutdown$$00000000      0x08000204   Section        2  libshutdown.o(.ARM.Collect$$libshutdown$$00000000)
    .ARM.Collect$$libshutdown$$00000003      0x08000206   Section        0  libshutdown2.o(.ARM.Collect$$libshutdown$$00000003)
    .ARM.Collect$$libshutdown$$00000006      0x08000206   Section        0  libshutdown2.o(.ARM.Collect$$libshutdown$$00000006)
    .ARM.Collect$$libshutdown$$00000009      0x08000206   Section        0  libshutdown2.o(.ARM.Collect$$libshutdown$$00000009)
    .ARM.Collect$$libshutdown$$0000000B      0x08000206   Section        0  libshutdown2.o(.ARM.Collect$$libshutdown$$0000000B)
    .ARM.Collect$$libshutdown$$0000000E      0x08000206   Section        0  libshutdown2.o(.ARM.Collect$$libshutdown$$0000000E)
    .ARM.Collect$$libshutdown$$0000000F      0x08000206   Section        2  libshutdown2.o(.ARM.Collect$$libshutdown$$0000000F)
    .ARM.Collect$$rtentry$$00000000          0x08000208   Section        0  rtentry.o(.ARM.Collect$$rtentry$$00000000)
    .ARM.Collect$$rtentry$$00000002          0x08000208   Section        0  rtentry2.o(.ARM.Collect$$rtentry$$00000002)
    .ARM.Collect$$rtentry$$00000004          0x08000208   Section        6  rtentry4.o(.ARM.Collect$$rtentry$$00000004)
    .ARM.Collect$$rtentry$$00000009          0x0800020e   Section        0  rtentry2.o(.ARM.Collect$$rtentry$$00000009)
    .ARM.Collect$$rtentry$$0000000A          0x0800020e   Section        4  rtentry2.o(.ARM.Collect$$rtentry$$0000000A)
    .ARM.Collect$$rtentry$$0000000C          0x08000212   Section        0  rtentry2.o(.ARM.Collect$$rtentry$$0000000C)
    .ARM.Collect$$rtentry$$0000000D          0x08000212   Section        8  rtentry2.o(.ARM.Collect$$rtentry$$0000000D)
    .ARM.Collect$$rtexit$$00000000           0x0800021a   Section        2  rtexit.o(.ARM.Collect$$rtexit$$00000000)
    .ARM.Collect$$rtexit$$00000002           0x0800021c   Section        0  rtexit2.o(.ARM.Collect$$rtexit$$00000002)
    .ARM.Collect$$rtexit$$00000003           0x0800021c   Section        4  rtexit2.o(.ARM.Collect$$rtexit$$00000003)
    .ARM.Collect$$rtexit$$00000004           0x08000220   Section        6  rtexit2.o(.ARM.Collect$$rtexit$$00000004)
    .text                                    0x08000228   Section       64  startup_stm32f4xx.o(.text)
    $v0                                      0x08000228   Number         0  startup_stm32f4xx.o(.text)
    .text                                    0x08000268   Section        0  system_stm32f4xx.o(.text)
    SetSysClock                              0x08000269   Thumb Code   218  system_stm32f4xx.o(.text)
    .text                                    0x08000474   Section        0  stm32f4xx_usart.o(.text)
    .text                                    0x080008c8   Section        0  stm32f4xx_tim.o(.text)
    TI4_Config                               0x08001067   Thumb Code    80  stm32f4xx_tim.o(.text)
    TI3_Config                               0x080010c9   Thumb Code    72  stm32f4xx_tim.o(.text)
    TI2_Config                               0x0800112b   Thumb Code    90  stm32f4xx_tim.o(.text)
    TI1_Config                               0x08001197   Thumb Code    58  stm32f4xx_tim.o(.text)
    .text                                    0x0800156c   Section        0  stm32f4xx_rcc.o(.text)
    .text                                    0x08001b04   Section        0  stm32f4xx_gpio.o(.text)
    .text                                    0x08001d60   Section        0  main.o(.text)
    .text                                    0x0800244c   Section        0  midi.o(.text)
    .text                                    0x080024f8   Section        0  heapauxi.o(.text)
    .text                                    0x080024fe   Section       74  sys_stackheap_outer.o(.text)
    .text                                    0x08002548   Section        0  exit.o(.text)
    .text                                    0x08002554   Section        8  libspace.o(.text)
    .text                                    0x0800255c   Section        0  sys_exit.o(.text)
    .text                                    0x08002568   Section        2  use_no_semi.o(.text)
    .text                                    0x0800256a   Section        0  indicate_semi.o(.text)
    x$fpl$fpinit                             0x0800256a   Section       10  fpinit.o(x$fpl$fpinit)
    $v0                                      0x0800256a   Number         0  fpinit.o(x$fpl$fpinit)
    .data                                    0x20000000   Section       20  system_stm32f4xx.o(.data)
    .data                                    0x20000014   Section       16  stm32f4xx_rcc.o(.data)
    APBAHBPrescTable                         0x20000014   Data          16  stm32f4xx_rcc.o(.data)
    .data                                    0x20000024   Section      250  main.o(.data)
    cnt                                      0x20000116   Data           1  main.o(.data)
    .bss                                     0x20000120   Section      185  main.o(.bss)
    .bss                                     0x200001dc   Section       96  libspace.o(.bss)
    HEAP                                     0x20000240   Section      512  startup_stm32f4xx.o(HEAP)
    Heap_Mem                                 0x20000240   Data         512  startup_stm32f4xx.o(HEAP)
    STACK                                    0x20000440   Section     1024  startup_stm32f4xx.o(STACK)
    Stack_Mem                                0x20000440   Data        1024  startup_stm32f4xx.o(STACK)
    __initial_sp                             0x20000840   Data           0  startup_stm32f4xx.o(STACK)

    Global Symbols

    Symbol Name                              Value     Ov Type        Size  Object(Section)

    BuildAttributes$$THM_ISAv4$E$P$D$K$B$S$7EM$VFPi3$EXTD16$VFPS$VFMA$PE$A:L22UL41UL21$X:L11$S22US41US21$IEEE1$IW$USESV6$~STKCKD$USESV7$~SHL$OSPACE$ROPI$EBA8$UX$STANDARDLIB$REQ8$PRES8$EABIv2 0x00000000   Number         0  anon$$obj.o ABSOLUTE
    __ARM_use_no_argv                        0x00000000   Number         0  main.o ABSOLUTE
    __ARM_exceptions_init                     - Undefined Weak Reference
    __alloca_initialize                       - Undefined Weak Reference
    __cpp_initialize__aeabi_                  - Undefined Weak Reference
    __cxa_finalize                            - Undefined Weak Reference
    __rt_locale                               - Undefined Weak Reference
    __sigvec_lookup                           - Undefined Weak Reference
    _atexit_init                              - Undefined Weak Reference
    _call_atexit_fns                          - Undefined Weak Reference
    _clock_init                               - Undefined Weak Reference
    _fp_trap_init                             - Undefined Weak Reference
    _fp_trap_shutdown                         - Undefined Weak Reference
    _get_lc_collate                           - Undefined Weak Reference
    _get_lc_ctype                             - Undefined Weak Reference
    _get_lc_monetary                          - Undefined Weak Reference
    _get_lc_numeric                           - Undefined Weak Reference
    _get_lc_time                              - Undefined Weak Reference
    _getenv_init                              - Undefined Weak Reference
    _handle_redirection                       - Undefined Weak Reference
    _init_alloc                               - Undefined Weak Reference
    _init_user_alloc                          - Undefined Weak Reference
    _initio                                   - Undefined Weak Reference
    _rand_init                                - Undefined Weak Reference
    _signal_finish                            - Undefined Weak Reference
    _signal_init                              - Undefined Weak Reference
    _terminate_alloc                          - Undefined Weak Reference
    _terminate_user_alloc                     - Undefined Weak Reference
    _terminateio                              - Undefined Weak Reference
    __Vectors_Size                           0x00000188   Number         0  startup_stm32f4xx.o ABSOLUTE
    __Vectors                                0x08000000   Data           4  startup_stm32f4xx.o(RESET)
    __Vectors_End                            0x08000188   Data           0  startup_stm32f4xx.o(RESET)
    __main                                   0x08000189   Thumb Code     8  __main.o(!!!main)
    __scatterload                            0x08000191   Thumb Code     0  __scatter.o(!!!scatter)
    __scatterload_rt2                        0x08000191   Thumb Code    44  __scatter.o(!!!scatter)
    __scatterload_rt2_thumb_only             0x08000191   Thumb Code     0  __scatter.o(!!!scatter)
    __scatterload_null                       0x0800019f   Thumb Code     0  __scatter.o(!!!scatter)
    __scatterload_copy                       0x080001c5   Thumb Code    26  __scatter_copy.o(!!handler_copy)
    __scatterload_zeroinit                   0x080001e1   Thumb Code    28  __scatter_zi.o(!!handler_zi)
    __rt_lib_init                            0x080001fd   Thumb Code     0  libinit.o(.ARM.Collect$$libinit$$00000000)
    __rt_lib_init_fp_1                       0x080001ff   Thumb Code     0  libinit2.o(.ARM.Collect$$libinit$$00000001)
    __rt_lib_init_alloca_1                   0x08000203   Thumb Code     0  libinit2.o(.ARM.Collect$$libinit$$0000002C)
    __rt_lib_init_argv_1                     0x08000203   Thumb Code     0  libinit2.o(.ARM.Collect$$libinit$$0000002A)
    __rt_lib_init_atexit_1                   0x08000203   Thumb Code     0  libinit2.o(.ARM.Collect$$libinit$$00000019)
    __rt_lib_init_clock_1                    0x08000203   Thumb Code     0  libinit2.o(.ARM.Collect$$libinit$$0000001F)
    __rt_lib_init_cpp_1                      0x08000203   Thumb Code     0  libinit2.o(.ARM.Collect$$libinit$$00000030)
    __rt_lib_init_exceptions_1               0x08000203   Thumb Code     0  libinit2.o(.ARM.Collect$$libinit$$0000002E)
    __rt_lib_init_fp_trap_1                  0x08000203   Thumb Code     0  libinit2.o(.ARM.Collect$$libinit$$0000001D)
    __rt_lib_init_getenv_1                   0x08000203   Thumb Code     0  libinit2.o(.ARM.Collect$$libinit$$00000021)
    __rt_lib_init_heap_1                     0x08000203   Thumb Code     0  libinit2.o(.ARM.Collect$$libinit$$00000008)
    __rt_lib_init_lc_collate_1               0x08000203   Thumb Code     0  libinit2.o(.ARM.Collect$$libinit$$0000000F)
    __rt_lib_init_lc_ctype_1                 0x08000203   Thumb Code     0  libinit2.o(.ARM.Collect$$libinit$$00000011)
    __rt_lib_init_lc_monetary_1              0x08000203   Thumb Code     0  libinit2.o(.ARM.Collect$$libinit$$00000013)
    __rt_lib_init_lc_numeric_1               0x08000203   Thumb Code     0  libinit2.o(.ARM.Collect$$libinit$$00000015)
    __rt_lib_init_lc_time_1                  0x08000203   Thumb Code     0  libinit2.o(.ARM.Collect$$libinit$$00000017)
    __rt_lib_init_rand_1                     0x08000203   Thumb Code     0  libinit2.o(.ARM.Collect$$libinit$$0000000C)
    __rt_lib_init_return                     0x08000203   Thumb Code     0  libinit2.o(.ARM.Collect$$libinit$$00000031)
    __rt_lib_init_signal_1                   0x08000203   Thumb Code     0  libinit2.o(.ARM.Collect$$libinit$$0000001B)
    __rt_lib_init_stdio_1                    0x08000203   Thumb Code     0  libinit2.o(.ARM.Collect$$libinit$$00000023)
    __rt_lib_init_user_alloc_1               0x08000203   Thumb Code     0  libinit2.o(.ARM.Collect$$libinit$$0000000A)
    __rt_lib_shutdown                        0x08000205   Thumb Code     0  libshutdown.o(.ARM.Collect$$libshutdown$$00000000)
    __rt_lib_shutdown_fp_trap_1              0x08000207   Thumb Code     0  libshutdown2.o(.ARM.Collect$$libshutdown$$00000006)
    __rt_lib_shutdown_heap_1                 0x08000207   Thumb Code     0  libshutdown2.o(.ARM.Collect$$libshutdown$$0000000E)
    __rt_lib_shutdown_return                 0x08000207   Thumb Code     0  libshutdown2.o(.ARM.Collect$$libshutdown$$0000000F)
    __rt_lib_shutdown_signal_1               0x08000207   Thumb Code     0  libshutdown2.o(.ARM.Collect$$libshutdown$$00000009)
    __rt_lib_shutdown_stdio_1                0x08000207   Thumb Code     0  libshutdown2.o(.ARM.Collect$$libshutdown$$00000003)
    __rt_lib_shutdown_user_alloc_1           0x08000207   Thumb Code     0  libshutdown2.o(.ARM.Collect$$libshutdown$$0000000B)
    __rt_entry                               0x08000209   Thumb Code     0  rtentry.o(.ARM.Collect$$rtentry$$00000000)
    __rt_entry_presh_1                       0x08000209   Thumb Code     0  rtentry2.o(.ARM.Collect$$rtentry$$00000002)
    __rt_entry_sh                            0x08000209   Thumb Code     0  rtentry4.o(.ARM.Collect$$rtentry$$00000004)
    __rt_entry_li                            0x0800020f   Thumb Code     0  rtentry2.o(.ARM.Collect$$rtentry$$0000000A)
    __rt_entry_postsh_1                      0x0800020f   Thumb Code     0  rtentry2.o(.ARM.Collect$$rtentry$$00000009)
    __rt_entry_main                          0x08000213   Thumb Code     0  rtentry2.o(.ARM.Collect$$rtentry$$0000000D)
    __rt_entry_postli_1                      0x08000213   Thumb Code     0  rtentry2.o(.ARM.Collect$$rtentry$$0000000C)
    __rt_exit                                0x0800021b   Thumb Code     0  rtexit.o(.ARM.Collect$$rtexit$$00000000)
    __rt_exit_ls                             0x0800021d   Thumb Code     0  rtexit2.o(.ARM.Collect$$rtexit$$00000003)
    __rt_exit_prels_1                        0x0800021d   Thumb Code     0  rtexit2.o(.ARM.Collect$$rtexit$$00000002)
    __rt_exit_exit                           0x08000221   Thumb Code     0  rtexit2.o(.ARM.Collect$$rtexit$$00000004)
    Reset_Handler                            0x08000229   Thumb Code     8  startup_stm32f4xx.o(.text)
    NMI_Handler                              0x08000231   Thumb Code     2  startup_stm32f4xx.o(.text)
    HardFault_Handler                        0x08000233   Thumb Code     2  startup_stm32f4xx.o(.text)
    MemManage_Handler                        0x08000235   Thumb Code     2  startup_stm32f4xx.o(.text)
    BusFault_Handler                         0x08000237   Thumb Code     2  startup_stm32f4xx.o(.text)
    UsageFault_Handler                       0x08000239   Thumb Code     2  startup_stm32f4xx.o(.text)
    SVC_Handler                              0x0800023b   Thumb Code     2  startup_stm32f4xx.o(.text)
    DebugMon_Handler                         0x0800023d   Thumb Code     2  startup_stm32f4xx.o(.text)
    PendSV_Handler                           0x0800023f   Thumb Code     2  startup_stm32f4xx.o(.text)
    SysTick_Handler                          0x08000241   Thumb Code     2  startup_stm32f4xx.o(.text)
    ADC_IRQHandler                           0x08000243   Thumb Code     0  startup_stm32f4xx.o(.text)
    CAN1_RX0_IRQHandler                      0x08000243   Thumb Code     0  startup_stm32f4xx.o(.text)
    CAN1_RX1_IRQHandler                      0x08000243   Thumb Code     0  startup_stm32f4xx.o(.text)
    CAN1_SCE_IRQHandler                      0x08000243   Thumb Code     0  startup_stm32f4xx.o(.text)
    CAN1_TX_IRQHandler                       0x08000243   Thumb Code     0  startup_stm32f4xx.o(.text)
    CAN2_RX0_IRQHandler                      0x08000243   Thumb Code     0  startup_stm32f4xx.o(.text)
    CAN2_RX1_IRQHandler                      0x08000243   Thumb Code     0  startup_stm32f4xx.o(.text)
    CAN2_SCE_IRQHandler                      0x08000243   Thumb Code     0  startup_stm32f4xx.o(.text)
    CAN2_TX_IRQHandler                       0x08000243   Thumb Code     0  startup_stm32f4xx.o(.text)
    CRYP_IRQHandler                          0x08000243   Thumb Code     0  startup_stm32f4xx.o(.text)
    DCMI_IRQHandler                          0x08000243   Thumb Code     0  startup_stm32f4xx.o(.text)
    DMA1_Stream0_IRQHandler                  0x08000243   Thumb Code     0  startup_stm32f4xx.o(.text)
    DMA1_Stream1_IRQHandler                  0x08000243   Thumb Code     0  startup_stm32f4xx.o(.text)
    DMA1_Stream2_IRQHandler                  0x08000243   Thumb Code     0  startup_stm32f4xx.o(.text)
    DMA1_Stream3_IRQHandler                  0x08000243   Thumb Code     0  startup_stm32f4xx.o(.text)
    DMA1_Stream4_IRQHandler                  0x08000243   Thumb Code     0  startup_stm32f4xx.o(.text)
    DMA1_Stream5_IRQHandler                  0x08000243   Thumb Code     0  startup_stm32f4xx.o(.text)
    DMA1_Stream6_IRQHandler                  0x08000243   Thumb Code     0  startup_stm32f4xx.o(.text)
    DMA1_Stream7_IRQHandler                  0x08000243   Thumb Code     0  startup_stm32f4xx.o(.text)
    DMA2_Stream0_IRQHandler                  0x08000243   Thumb Code     0  startup_stm32f4xx.o(.text)
    DMA2_Stream1_IRQHandler                  0x08000243   Thumb Code     0  startup_stm32f4xx.o(.text)
    DMA2_Stream2_IRQHandler                  0x08000243   Thumb Code     0  startup_stm32f4xx.o(.text)
    DMA2_Stream3_IRQHandler                  0x08000243   Thumb Code     0  startup_stm32f4xx.o(.text)
    DMA2_Stream4_IRQHandler                  0x08000243   Thumb Code     0  startup_stm32f4xx.o(.text)
    DMA2_Stream5_IRQHandler                  0x08000243   Thumb Code     0  startup_stm32f4xx.o(.text)
    DMA2_Stream6_IRQHandler                  0x08000243   Thumb Code     0  startup_stm32f4xx.o(.text)
    DMA2_Stream7_IRQHandler                  0x08000243   Thumb Code     0  startup_stm32f4xx.o(.text)
    ETH_IRQHandler                           0x08000243   Thumb Code     0  startup_stm32f4xx.o(.text)
    ETH_WKUP_IRQHandler                      0x08000243   Thumb Code     0  startup_stm32f4xx.o(.text)
    EXTI0_IRQHandler                         0x08000243   Thumb Code     0  startup_stm32f4xx.o(.text)
    EXTI15_10_IRQHandler                     0x08000243   Thumb Code     0  startup_stm32f4xx.o(.text)
    EXTI1_IRQHandler                         0x08000243   Thumb Code     0  startup_stm32f4xx.o(.text)
    EXTI2_IRQHandler                         0x08000243   Thumb Code     0  startup_stm32f4xx.o(.text)
    EXTI3_IRQHandler                         0x08000243   Thumb Code     0  startup_stm32f4xx.o(.text)
    EXTI4_IRQHandler                         0x08000243   Thumb Code     0  startup_stm32f4xx.o(.text)
    EXTI9_5_IRQHandler                       0x08000243   Thumb Code     0  startup_stm32f4xx.o(.text)
    FLASH_IRQHandler                         0x08000243   Thumb Code     0  startup_stm32f4xx.o(.text)
    FPU_IRQHandler                           0x08000243   Thumb Code     0  startup_stm32f4xx.o(.text)
    FSMC_IRQHandler                          0x08000243   Thumb Code     0  startup_stm32f4xx.o(.text)
    HASH_RNG_IRQHandler                      0x08000243   Thumb Code     0  startup_stm32f4xx.o(.text)
    I2C1_ER_IRQHandler                       0x08000243   Thumb Code     0  startup_stm32f4xx.o(.text)
    I2C1_EV_IRQHandler                       0x08000243   Thumb Code     0  startup_stm32f4xx.o(.text)
    I2C2_ER_IRQHandler                       0x08000243   Thumb Code     0  startup_stm32f4xx.o(.text)
    I2C2_EV_IRQHandler                       0x08000243   Thumb Code     0  startup_stm32f4xx.o(.text)
    I2C3_ER_IRQHandler                       0x08000243   Thumb Code     0  startup_stm32f4xx.o(.text)
    I2C3_EV_IRQHandler                       0x08000243   Thumb Code     0  startup_stm32f4xx.o(.text)
    OTG_FS_IRQHandler                        0x08000243   Thumb Code     0  startup_stm32f4xx.o(.text)
    OTG_FS_WKUP_IRQHandler                   0x08000243   Thumb Code     0  startup_stm32f4xx.o(.text)
    OTG_HS_EP1_IN_IRQHandler                 0x08000243   Thumb Code     0  startup_stm32f4xx.o(.text)
    OTG_HS_EP1_OUT_IRQHandler                0x08000243   Thumb Code     0  startup_stm32f4xx.o(.text)
    OTG_HS_IRQHandler                        0x08000243   Thumb Code     0  startup_stm32f4xx.o(.text)
    OTG_HS_WKUP_IRQHandler                   0x08000243   Thumb Code     0  startup_stm32f4xx.o(.text)
    PVD_IRQHandler                           0x08000243   Thumb Code     0  startup_stm32f4xx.o(.text)
    RCC_IRQHandler                           0x08000243   Thumb Code     0  startup_stm32f4xx.o(.text)
    RTC_Alarm_IRQHandler                     0x08000243   Thumb Code     0  startup_stm32f4xx.o(.text)
    RTC_WKUP_IRQHandler                      0x08000243   Thumb Code     0  startup_stm32f4xx.o(.text)
    SDIO_IRQHandler                          0x08000243   Thumb Code     0  startup_stm32f4xx.o(.text)
    SPI1_IRQHandler                          0x08000243   Thumb Code     0  startup_stm32f4xx.o(.text)
    SPI2_IRQHandler                          0x08000243   Thumb Code     0  startup_stm32f4xx.o(.text)
    SPI3_IRQHandler                          0x08000243   Thumb Code     0  startup_stm32f4xx.o(.text)
    TAMP_STAMP_IRQHandler                    0x08000243   Thumb Code     0  startup_stm32f4xx.o(.text)
    TIM1_BRK_TIM9_IRQHandler                 0x08000243   Thumb Code     0  startup_stm32f4xx.o(.text)
    TIM1_CC_IRQHandler                       0x08000243   Thumb Code     0  startup_stm32f4xx.o(.text)
    TIM1_TRG_COM_TIM11_IRQHandler            0x08000243   Thumb Code     0  startup_stm32f4xx.o(.text)
    TIM1_UP_TIM10_IRQHandler                 0x08000243   Thumb Code     0  startup_stm32f4xx.o(.text)
    TIM2_IRQHandler                          0x08000243   Thumb Code     0  startup_stm32f4xx.o(.text)
    TIM3_IRQHandler                          0x08000243   Thumb Code     0  startup_stm32f4xx.o(.text)
    TIM5_IRQHandler                          0x08000243   Thumb Code     0  startup_stm32f4xx.o(.text)
    TIM6_DAC_IRQHandler                      0x08000243   Thumb Code     0  startup_stm32f4xx.o(.text)
    TIM7_IRQHandler                          0x08000243   Thumb Code     0  startup_stm32f4xx.o(.text)
    TIM8_BRK_TIM12_IRQHandler                0x08000243   Thumb Code     0  startup_stm32f4xx.o(.text)
    TIM8_CC_IRQHandler                       0x08000243   Thumb Code     0  startup_stm32f4xx.o(.text)
    TIM8_TRG_COM_TIM14_IRQHandler            0x08000243   Thumb Code     0  startup_stm32f4xx.o(.text)
    TIM8_UP_TIM13_IRQHandler                 0x08000243   Thumb Code     0  startup_stm32f4xx.o(.text)
    UART4_IRQHandler                         0x08000243   Thumb Code     0  startup_stm32f4xx.o(.text)
    UART5_IRQHandler                         0x08000243   Thumb Code     0  startup_stm32f4xx.o(.text)
    USART2_IRQHandler                        0x08000243   Thumb Code     0  startup_stm32f4xx.o(.text)
    USART3_IRQHandler                        0x08000243   Thumb Code     0  startup_stm32f4xx.o(.text)
    USART6_IRQHandler                        0x08000243   Thumb Code     0  startup_stm32f4xx.o(.text)
    WWDG_IRQHandler                          0x08000243   Thumb Code     0  startup_stm32f4xx.o(.text)
    __user_initial_stackheap                 0x08000245   Thumb Code     0  startup_stm32f4xx.o(.text)
    SystemInit                               0x08000343   Thumb Code    88  system_stm32f4xx.o(.text)
    SystemCoreClockUpdate                    0x0800039b   Thumb Code   174  system_stm32f4xx.o(.text)
    USART_DeInit                             0x08000475   Thumb Code   206  stm32f4xx_usart.o(.text)
    USART_Init                               0x08000543   Thumb Code   204  stm32f4xx_usart.o(.text)
    USART_StructInit                         0x0800060f   Thumb Code    24  stm32f4xx_usart.o(.text)
    USART_ClockInit                          0x08000627   Thumb Code    32  stm32f4xx_usart.o(.text)
    USART_ClockStructInit                    0x08000647   Thumb Code    12  stm32f4xx_usart.o(.text)
    USART_Cmd                                0x08000653   Thumb Code    24  stm32f4xx_usart.o(.text)
    USART_SetPrescaler                       0x0800066b   Thumb Code    16  stm32f4xx_usart.o(.text)
    USART_OverSampling8Cmd                   0x0800067b   Thumb Code    22  stm32f4xx_usart.o(.text)
    USART_OneBitMethodCmd                    0x08000691   Thumb Code    24  stm32f4xx_usart.o(.text)
    USART_SendData                           0x080006a9   Thumb Code     8  stm32f4xx_usart.o(.text)
    USART_ReceiveData                        0x080006b1   Thumb Code    10  stm32f4xx_usart.o(.text)
    USART_SetAddress                         0x080006bb   Thumb Code    18  stm32f4xx_usart.o(.text)
    USART_ReceiverWakeUpCmd                  0x080006cd   Thumb Code    24  stm32f4xx_usart.o(.text)
    USART_WakeUpConfig                       0x080006e5   Thumb Code    18  stm32f4xx_usart.o(.text)
    USART_LINBreakDetectLengthConfig         0x080006f7   Thumb Code    18  stm32f4xx_usart.o(.text)
    USART_LINCmd                             0x08000709   Thumb Code    24  stm32f4xx_usart.o(.text)
    USART_SendBreak                          0x08000721   Thumb Code    10  stm32f4xx_usart.o(.text)
    USART_HalfDuplexCmd                      0x0800072b   Thumb Code    24  stm32f4xx_usart.o(.text)
    USART_SetGuardTime                       0x08000743   Thumb Code    16  stm32f4xx_usart.o(.text)
    USART_SmartCardCmd                       0x08000753   Thumb Code    24  stm32f4xx_usart.o(.text)
    USART_SmartCardNACKCmd                   0x0800076b   Thumb Code    24  stm32f4xx_usart.o(.text)
    USART_IrDAConfig                         0x08000783   Thumb Code    18  stm32f4xx_usart.o(.text)
    USART_IrDACmd                            0x08000795   Thumb Code    24  stm32f4xx_usart.o(.text)
    USART_DMACmd                             0x080007ad   Thumb Code    18  stm32f4xx_usart.o(.text)
    USART_ITConfig                           0x080007bf   Thumb Code    74  stm32f4xx_usart.o(.text)
    USART_GetFlagStatus                      0x08000809   Thumb Code    26  stm32f4xx_usart.o(.text)
    USART_ClearFlag                          0x08000823   Thumb Code    18  stm32f4xx_usart.o(.text)
    USART_GetITStatus                        0x08000835   Thumb Code   118  stm32f4xx_usart.o(.text)
    USART_ClearITPendingBit                  0x080008ab   Thumb Code    30  stm32f4xx_usart.o(.text)
    TIM_DeInit                               0x080008c9   Thumb Code   346  stm32f4xx_tim.o(.text)
    TIM_TimeBaseInit                         0x08000a23   Thumb Code   104  stm32f4xx_tim.o(.text)
    TIM_TimeBaseStructInit                   0x08000a8b   Thumb Code    18  stm32f4xx_tim.o(.text)
    TIM_PrescalerConfig                      0x08000a9d   Thumb Code     6  stm32f4xx_tim.o(.text)
    TIM_CounterModeConfig                    0x08000aa3   Thumb Code    18  stm32f4xx_tim.o(.text)
    TIM_SetCounter                           0x08000ab5   Thumb Code     4  stm32f4xx_tim.o(.text)
    TIM_SetAutoreload                        0x08000ab9   Thumb Code     4  stm32f4xx_tim.o(.text)
    TIM_GetCounter                           0x08000abd   Thumb Code     6  stm32f4xx_tim.o(.text)
    TIM_GetPrescaler                         0x08000ac3   Thumb Code     6  stm32f4xx_tim.o(.text)
    TIM_UpdateDisableConfig                  0x08000ac9   Thumb Code    24  stm32f4xx_tim.o(.text)
    TIM_UpdateRequestConfig                  0x08000ae1   Thumb Code    24  stm32f4xx_tim.o(.text)
    TIM_ARRPreloadConfig                     0x08000af9   Thumb Code    24  stm32f4xx_tim.o(.text)
    TIM_SelectOnePulseMode                   0x08000b11   Thumb Code    18  stm32f4xx_tim.o(.text)
    TIM_SetClockDivision                     0x08000b23   Thumb Code    18  stm32f4xx_tim.o(.text)
    TIM_Cmd                                  0x08000b35   Thumb Code    24  stm32f4xx_tim.o(.text)
    TIM_OC1Init                              0x08000b4d   Thumb Code   114  stm32f4xx_tim.o(.text)
    TIM_OC2Init                              0x08000bbf   Thumb Code   154  stm32f4xx_tim.o(.text)
    TIM_OC3Init                              0x08000c59   Thumb Code   204  stm32f4xx_tim.o(.text)
    TIM_OC4Init                              0x08000d25   Thumb Code   112  stm32f4xx_tim.o(.text)
    TIM_OCStructInit                         0x08000d95   Thumb Code    20  stm32f4xx_tim.o(.text)
    TIM_SelectOCxM                           0x08000da9   Thumb Code    86  stm32f4xx_tim.o(.text)
    TIM_SetCompare1                          0x08000dff   Thumb Code     4  stm32f4xx_tim.o(.text)
    TIM_SetCompare2                          0x08000e03   Thumb Code     4  stm32f4xx_tim.o(.text)
    TIM_SetCompare3                          0x08000e07   Thumb Code     4  stm32f4xx_tim.o(.text)
    TIM_SetCompare4                          0x08000e0b   Thumb Code     4  stm32f4xx_tim.o(.text)
    TIM_ForcedOC1Config                      0x08000e0f   Thumb Code    18  stm32f4xx_tim.o(.text)
    TIM_ForcedOC2Config                      0x08000e21   Thumb Code    26  stm32f4xx_tim.o(.text)
    TIM_ForcedOC3Config                      0x08000e3b   Thumb Code    18  stm32f4xx_tim.o(.text)
    TIM_ForcedOC4Config                      0x08000e4d   Thumb Code    26  stm32f4xx_tim.o(.text)
    TIM_OC1PreloadConfig                     0x08000e67   Thumb Code    18  stm32f4xx_tim.o(.text)
    TIM_OC2PreloadConfig                     0x08000e79   Thumb Code    26  stm32f4xx_tim.o(.text)
    TIM_OC3PreloadConfig                     0x08000e93   Thumb Code    18  stm32f4xx_tim.o(.text)
    TIM_OC4PreloadConfig                     0x08000ea5   Thumb Code    26  stm32f4xx_tim.o(.text)
    TIM_OC1FastConfig                        0x08000ebf   Thumb Code    18  stm32f4xx_tim.o(.text)
    TIM_OC2FastConfig                        0x08000ed1   Thumb Code    26  stm32f4xx_tim.o(.text)
    TIM_OC3FastConfig                        0x08000eeb   Thumb Code    18  stm32f4xx_tim.o(.text)
    TIM_OC4FastConfig                        0x08000efd   Thumb Code    26  stm32f4xx_tim.o(.text)
    TIM_ClearOC1Ref                          0x08000f17   Thumb Code    18  stm32f4xx_tim.o(.text)
    TIM_ClearOC2Ref                          0x08000f29   Thumb Code    24  stm32f4xx_tim.o(.text)
    TIM_ClearOC3Ref                          0x08000f41   Thumb Code    18  stm32f4xx_tim.o(.text)
    TIM_ClearOC4Ref                          0x08000f53   Thumb Code    24  stm32f4xx_tim.o(.text)
    TIM_OC1PolarityConfig                    0x08000f6b   Thumb Code    18  stm32f4xx_tim.o(.text)
    TIM_OC1NPolarityConfig                   0x08000f7d   Thumb Code    18  stm32f4xx_tim.o(.text)
    TIM_OC2PolarityConfig                    0x08000f8f   Thumb Code    26  stm32f4xx_tim.o(.text)
    TIM_OC2NPolarityConfig                   0x08000fa9   Thumb Code    26  stm32f4xx_tim.o(.text)
    TIM_OC3PolarityConfig                    0x08000fc3   Thumb Code    26  stm32f4xx_tim.o(.text)
    TIM_OC3NPolarityConfig                   0x08000fdd   Thumb Code    26  stm32f4xx_tim.o(.text)
    TIM_OC4PolarityConfig                    0x08000ff7   Thumb Code    26  stm32f4xx_tim.o(.text)
    TIM_CCxCmd                               0x08001011   Thumb Code    30  stm32f4xx_tim.o(.text)
    TIM_CCxNCmd                              0x0800102f   Thumb Code    30  stm32f4xx_tim.o(.text)
    TIM_SetIC4Prescaler                      0x0800104d   Thumb Code    26  stm32f4xx_tim.o(.text)
    TIM_SetIC3Prescaler                      0x080010b7   Thumb Code    18  stm32f4xx_tim.o(.text)
    TIM_SetIC2Prescaler                      0x08001111   Thumb Code    26  stm32f4xx_tim.o(.text)
    TIM_SetIC1Prescaler                      0x08001185   Thumb Code    18  stm32f4xx_tim.o(.text)
    TIM_ICInit                               0x080011d1   Thumb Code   110  stm32f4xx_tim.o(.text)
    TIM_ICStructInit                         0x0800123f   Thumb Code    18  stm32f4xx_tim.o(.text)
    TIM_PWMIConfig                           0x08001251   Thumb Code   124  stm32f4xx_tim.o(.text)
    TIM_GetCapture1                          0x080012cd   Thumb Code     6  stm32f4xx_tim.o(.text)
    TIM_GetCapture2                          0x080012d3   Thumb Code     6  stm32f4xx_tim.o(.text)
    TIM_GetCapture3                          0x080012d9   Thumb Code     6  stm32f4xx_tim.o(.text)
    TIM_GetCapture4                          0x080012df   Thumb Code     6  stm32f4xx_tim.o(.text)
    TIM_BDTRConfig                           0x080012e5   Thumb Code    32  stm32f4xx_tim.o(.text)
    TIM_BDTRStructInit                       0x08001305   Thumb Code    18  stm32f4xx_tim.o(.text)
    TIM_CtrlPWMOutputs                       0x08001317   Thumb Code    30  stm32f4xx_tim.o(.text)
    TIM_SelectCOM                            0x08001335   Thumb Code    24  stm32f4xx_tim.o(.text)
    TIM_CCPreloadControl                     0x0800134d   Thumb Code    24  stm32f4xx_tim.o(.text)
    TIM_ITConfig                             0x08001365   Thumb Code    18  stm32f4xx_tim.o(.text)
    TIM_GenerateEvent                        0x08001377   Thumb Code     4  stm32f4xx_tim.o(.text)
    TIM_GetFlagStatus                        0x0800137b   Thumb Code    18  stm32f4xx_tim.o(.text)
    TIM_ClearFlag                            0x0800138d   Thumb Code     6  stm32f4xx_tim.o(.text)
    TIM_GetITStatus                          0x08001393   Thumb Code    34  stm32f4xx_tim.o(.text)
    TIM_ClearITPendingBit                    0x080013b5   Thumb Code     6  stm32f4xx_tim.o(.text)
    TIM_DMAConfig                            0x080013bb   Thumb Code    10  stm32f4xx_tim.o(.text)
    TIM_DMACmd                               0x080013c5   Thumb Code    18  stm32f4xx_tim.o(.text)
    TIM_SelectCCDMA                          0x080013d7   Thumb Code    24  stm32f4xx_tim.o(.text)
    TIM_InternalClockConfig                  0x080013ef   Thumb Code    12  stm32f4xx_tim.o(.text)
    TIM_SelectInputTrigger                   0x080013fb   Thumb Code    18  stm32f4xx_tim.o(.text)
    TIM_ITRxExternalClockConfig              0x0800140d   Thumb Code    24  stm32f4xx_tim.o(.text)
    TIM_TIxExternalClockConfig               0x08001425   Thumb Code    62  stm32f4xx_tim.o(.text)
    TIM_ETRConfig                            0x08001463   Thumb Code    28  stm32f4xx_tim.o(.text)
    TIM_ETRClockMode1Config                  0x0800147f   Thumb Code    54  stm32f4xx_tim.o(.text)
    TIM_ETRClockMode2Config                  0x080014b5   Thumb Code    32  stm32f4xx_tim.o(.text)
    TIM_SelectOutputTrigger                  0x080014d5   Thumb Code    18  stm32f4xx_tim.o(.text)
    TIM_SelectSlaveMode                      0x080014e7   Thumb Code    18  stm32f4xx_tim.o(.text)
    TIM_SelectMasterSlaveMode                0x080014f9   Thumb Code    18  stm32f4xx_tim.o(.text)
    TIM_EncoderInterfaceConfig               0x0800150b   Thumb Code    66  stm32f4xx_tim.o(.text)
    TIM_SelectHallSensor                     0x0800154d   Thumb Code    24  stm32f4xx_tim.o(.text)
    TIM_RemapConfig                          0x08001565   Thumb Code     6  stm32f4xx_tim.o(.text)
    RCC_DeInit                               0x0800156d   Thumb Code    68  stm32f4xx_rcc.o(.text)
    RCC_HSEConfig                            0x080015b1   Thumb Code    14  stm32f4xx_rcc.o(.text)
    RCC_GetFlagStatus                        0x080015bf   Thumb Code    60  stm32f4xx_rcc.o(.text)
    RCC_WaitForHSEStartUp                    0x080015fb   Thumb Code    56  stm32f4xx_rcc.o(.text)
    RCC_AdjustHSICalibrationValue            0x08001633   Thumb Code    20  stm32f4xx_rcc.o(.text)
    RCC_HSICmd                               0x08001647   Thumb Code     6  stm32f4xx_rcc.o(.text)
    RCC_LSEConfig                            0x0800164d   Thumb Code    46  stm32f4xx_rcc.o(.text)
    RCC_LSICmd                               0x0800167b   Thumb Code     6  stm32f4xx_rcc.o(.text)
    RCC_PLLConfig                            0x08001681   Thumb Code    32  stm32f4xx_rcc.o(.text)
    RCC_PLLCmd                               0x080016a1   Thumb Code     6  stm32f4xx_rcc.o(.text)
    RCC_PLLI2SConfig                         0x080016a7   Thumb Code    14  stm32f4xx_rcc.o(.text)
    RCC_PLLI2SCmd                            0x080016b5   Thumb Code     6  stm32f4xx_rcc.o(.text)
    RCC_ClockSecuritySystemCmd               0x080016bb   Thumb Code     6  stm32f4xx_rcc.o(.text)
    RCC_MCO1Config                           0x080016c1   Thumb Code    28  stm32f4xx_rcc.o(.text)
    RCC_MCO2Config                           0x080016dd   Thumb Code    28  stm32f4xx_rcc.o(.text)
    RCC_SYSCLKConfig                         0x080016f9   Thumb Code    20  stm32f4xx_rcc.o(.text)
    RCC_GetSYSCLKSource                      0x0800170d   Thumb Code    12  stm32f4xx_rcc.o(.text)
    RCC_HCLKConfig                           0x08001719   Thumb Code    20  stm32f4xx_rcc.o(.text)
    RCC_PCLK1Config                          0x0800172d   Thumb Code    20  stm32f4xx_rcc.o(.text)
    RCC_PCLK2Config                          0x08001741   Thumb Code    22  stm32f4xx_rcc.o(.text)
    RCC_GetClocksFreq                        0x08001757   Thumb Code   222  stm32f4xx_rcc.o(.text)
    RCC_RTCCLKConfig                         0x08001835   Thumb Code    54  stm32f4xx_rcc.o(.text)
    RCC_RTCCLKCmd                            0x0800186b   Thumb Code     8  stm32f4xx_rcc.o(.text)
    RCC_BackupResetCmd                       0x08001873   Thumb Code     8  stm32f4xx_rcc.o(.text)
    RCC_I2SCLKConfig                         0x0800187b   Thumb Code     6  stm32f4xx_rcc.o(.text)
    RCC_TIMCLKPresConfig                     0x08001881   Thumb Code     6  stm32f4xx_rcc.o(.text)
    RCC_AHB1PeriphClockCmd                   0x08001887   Thumb Code    34  stm32f4xx_rcc.o(.text)
    RCC_AHB2PeriphClockCmd                   0x080018a9   Thumb Code    34  stm32f4xx_rcc.o(.text)
    RCC_AHB3PeriphClockCmd                   0x080018cb   Thumb Code    34  stm32f4xx_rcc.o(.text)
    RCC_APB1PeriphClockCmd                   0x080018ed   Thumb Code    34  stm32f4xx_rcc.o(.text)
    RCC_APB2PeriphClockCmd                   0x0800190f   Thumb Code    34  stm32f4xx_rcc.o(.text)
    RCC_AHB1PeriphResetCmd                   0x08001931   Thumb Code    84  stm32f4xx_rcc.o(.text)
    RCC_AHB2PeriphResetCmd                   0x08001985   Thumb Code    26  stm32f4xx_rcc.o(.text)
    RCC_AHB3PeriphResetCmd                   0x0800199f   Thumb Code    34  stm32f4xx_rcc.o(.text)
    RCC_APB1PeriphResetCmd                   0x080019c1   Thumb Code    34  stm32f4xx_rcc.o(.text)
    RCC_APB2PeriphResetCmd                   0x080019e3   Thumb Code    34  stm32f4xx_rcc.o(.text)
    RCC_AHB1PeriphClockLPModeCmd             0x08001a05   Thumb Code    34  stm32f4xx_rcc.o(.text)
    RCC_AHB2PeriphClockLPModeCmd             0x08001a27   Thumb Code    34  stm32f4xx_rcc.o(.text)
    RCC_AHB3PeriphClockLPModeCmd             0x08001a49   Thumb Code    34  stm32f4xx_rcc.o(.text)
    RCC_APB1PeriphClockLPModeCmd             0x08001a6b   Thumb Code    34  stm32f4xx_rcc.o(.text)
    RCC_APB2PeriphClockLPModeCmd             0x08001a8d   Thumb Code    34  stm32f4xx_rcc.o(.text)
    RCC_ITConfig                             0x08001aaf   Thumb Code    34  stm32f4xx_rcc.o(.text)
    RCC_ClearFlag                            0x08001ad1   Thumb Code    18  stm32f4xx_rcc.o(.text)
    RCC_GetITStatus                          0x08001ae3   Thumb Code    22  stm32f4xx_rcc.o(.text)
    RCC_ClearITPendingBit                    0x08001af9   Thumb Code     8  stm32f4xx_rcc.o(.text)
    GPIO_DeInit                              0x08001b05   Thumb Code   220  stm32f4xx_gpio.o(.text)
    GPIO_Init                                0x08001be1   Thumb Code   144  stm32f4xx_gpio.o(.text)
    GPIO_StructInit                          0x08001c71   Thumb Code    18  stm32f4xx_gpio.o(.text)
    GPIO_PinLockConfig                       0x08001c83   Thumb Code    34  stm32f4xx_gpio.o(.text)
    GPIO_ReadInputDataBit                    0x08001ca5   Thumb Code    18  stm32f4xx_gpio.o(.text)
    GPIO_ReadInputData                       0x08001cb7   Thumb Code     8  stm32f4xx_gpio.o(.text)
    GPIO_ReadOutputDataBit                   0x08001cbf   Thumb Code    18  stm32f4xx_gpio.o(.text)
    GPIO_ReadOutputData                      0x08001cd1   Thumb Code     8  stm32f4xx_gpio.o(.text)
    GPIO_SetBits                             0x08001cd9   Thumb Code     4  stm32f4xx_gpio.o(.text)
    GPIO_ResetBits                           0x08001cdd   Thumb Code     4  stm32f4xx_gpio.o(.text)
    GPIO_WriteBit                            0x08001ce1   Thumb Code    10  stm32f4xx_gpio.o(.text)
    GPIO_Write                               0x08001ceb   Thumb Code     4  stm32f4xx_gpio.o(.text)
    GPIO_ToggleBits                          0x08001cef   Thumb Code     8  stm32f4xx_gpio.o(.text)
    GPIO_PinAFConfig                         0x08001cf7   Thumb Code    70  stm32f4xx_gpio.o(.text)
    Delay                                    0x08001d61   Thumb Code    16  main.o(.text)
    init_GPIO                                0x08001d71   Thumb Code   214  main.o(.text)
    init_USART1                              0x08001e47   Thumb Code   122  main.o(.text)
    USART_puts                               0x08001ec1   Thumb Code    38  main.o(.text)
    firstPinState                            0x08001ee7   Thumb Code    36  main.o(.text)
    sendMidiData                             0x08001f0b   Thumb Code    66  main.o(.text)
    getVelocity                              0x08001f4d   Thumb Code    46  main.o(.text)
    getNoteToVelocity                        0x08001f7b   Thumb Code   132  main.o(.text)
    readKeyState                             0x08001fff   Thumb Code   864  main.o(.text)
    main                                     0x0800235f   Thumb Code    66  main.o(.text)
    USART1_IRQHandler                        0x080023a1   Thumb Code    70  main.o(.text)
    TIM4_IRQHandler                          0x080023e7   Thumb Code    26  main.o(.text)
    sendNoteOn                               0x0800244d   Thumb Code    84  midi.o(.text)
    sendNoteOff                              0x080024a1   Thumb Code    84  midi.o(.text)
    __use_two_region_memory                  0x080024f9   Thumb Code     2  heapauxi.o(.text)
    __rt_heap_escrow$2region                 0x080024fb   Thumb Code     2  heapauxi.o(.text)
    __rt_heap_expand$2region                 0x080024fd   Thumb Code     2  heapauxi.o(.text)
    __user_setup_stackheap                   0x080024ff   Thumb Code    74  sys_stackheap_outer.o(.text)
    exit                                     0x08002549   Thumb Code    12  exit.o(.text)
    __user_libspace                          0x08002555   Thumb Code     8  libspace.o(.text)
    __user_perproc_libspace                  0x08002555   Thumb Code     0  libspace.o(.text)
    __user_perthread_libspace                0x08002555   Thumb Code     0  libspace.o(.text)
    _sys_exit                                0x0800255d   Thumb Code     8  sys_exit.o(.text)
    __I$use$semihosting                      0x08002569   Thumb Code     0  use_no_semi.o(.text)
    __use_no_semihosting_swi                 0x08002569   Thumb Code     2  use_no_semi.o(.text)
    __semihosting_library_function           0x0800256b   Thumb Code     0  indicate_semi.o(.text)
    _fp_init                                 0x0800256b   Thumb Code    10  fpinit.o(x$fpl$fpinit)
    __fplib_config_fpu_vfp                   0x08002573   Thumb Code     0  fpinit.o(x$fpl$fpinit)
    __fplib_config_pureend_doubles           0x08002573   Thumb Code     0  fpinit.o(x$fpl$fpinit)
    Region$$Table$$Base                      0x08002574   Number         0  anon$$obj.o(Region$$Table)
    Region$$Table$$Limit                     0x08002594   Number         0  anon$$obj.o(Region$$Table)
    SystemCoreClock                          0x20000000   Data           4  system_stm32f4xx.o(.data)
    AHBPrescTable                            0x20000004   Data          16  system_stm32f4xx.o(.data)
    d11                                      0x20000024   Data           2  main.o(.data)
    d12                                      0x20000026   Data           2  main.o(.data)
    d13                                      0x20000028   Data           2  main.o(.data)
    d14                                      0x2000002a   Data           2  main.o(.data)
    d15                                      0x2000002c   Data           2  main.o(.data)
    d16                                      0x2000002e   Data           2  main.o(.data)
    d17                                      0x20000030   Data           2  main.o(.data)
    d18                                      0x20000032   Data           2  main.o(.data)
    d19                                      0x20000034   Data           2  main.o(.data)
    d110                                     0x20000036   Data           2  main.o(.data)
    d111                                     0x20000038   Data           2  main.o(.data)
    d21                                      0x2000003a   Data           2  main.o(.data)
    d22                                      0x2000003c   Data           2  main.o(.data)
    d23                                      0x2000003e   Data           2  main.o(.data)
    d24                                      0x20000040   Data           2  main.o(.data)
    d25                                      0x20000042   Data           2  main.o(.data)
    d26                                      0x20000044   Data           2  main.o(.data)
    d27                                      0x20000046   Data           2  main.o(.data)
    d28                                      0x20000048   Data           2  main.o(.data)
    d29                                      0x2000004a   Data           2  main.o(.data)
    d210                                     0x2000004c   Data           2  main.o(.data)
    d211                                     0x2000004e   Data           2  main.o(.data)
    lastState1                               0x20000050   Data           2  main.o(.data)
    lastState2                               0x20000052   Data           2  main.o(.data)
    lastState3                               0x20000054   Data           2  main.o(.data)
    lastState4                               0x20000056   Data           2  main.o(.data)
    lastState5                               0x20000058   Data           2  main.o(.data)
    lastState6                               0x2000005a   Data           2  main.o(.data)
    lastState7                               0x2000005c   Data           2  main.o(.data)
    lastState8                               0x2000005e   Data           2  main.o(.data)
    lastState9                               0x20000060   Data           2  main.o(.data)
    lastState10                              0x20000062   Data           2  main.o(.data)
    lastState11                              0x20000064   Data           2  main.o(.data)
    duration_note1                           0x20000066   Data           2  main.o(.data)
    duration_note2                           0x20000068   Data           2  main.o(.data)
    duration_note3                           0x2000006a   Data           2  main.o(.data)
    duration_note4                           0x2000006c   Data           2  main.o(.data)
    duration_note5                           0x2000006e   Data           2  main.o(.data)
    duration_note6                           0x20000070   Data           2  main.o(.data)
    duration_note7                           0x20000072   Data           2  main.o(.data)
    duration_note8                           0x20000074   Data           2  main.o(.data)
    duration_note9                           0x20000076   Data           2  main.o(.data)
    duration_note10                          0x20000078   Data           2  main.o(.data)
    duration_note11                          0x2000007a   Data           2  main.o(.data)
    duration_note12                          0x2000007c   Data           2  main.o(.data)
    duration_note13                          0x2000007e   Data           2  main.o(.data)
    duration_note14                          0x20000080   Data           2  main.o(.data)
    duration_note15                          0x20000082   Data           2  main.o(.data)
    duration_note16                          0x20000084   Data           2  main.o(.data)
    duration_note17                          0x20000086   Data           2  main.o(.data)
    duration_note18                          0x20000088   Data           2  main.o(.data)
    duration_note19                          0x2000008a   Data           2  main.o(.data)
    duration_note20                          0x2000008c   Data           2  main.o(.data)
    duration_note21                          0x2000008e   Data           2  main.o(.data)
    duration_note22                          0x20000090   Data           2  main.o(.data)
    duration_note23                          0x20000092   Data           2  main.o(.data)
    duration_note24                          0x20000094   Data           2  main.o(.data)
    duration_note25                          0x20000096   Data           2  main.o(.data)
    duration_note26                          0x20000098   Data           2  main.o(.data)
    duration_note27                          0x2000009a   Data           2  main.o(.data)
    duration_note28                          0x2000009c   Data           2  main.o(.data)
    duration_note29                          0x2000009e   Data           2  main.o(.data)
    duration_note30                          0x200000a0   Data           2  main.o(.data)
    duration_note31                          0x200000a2   Data           2  main.o(.data)
    duration_note32                          0x200000a4   Data           2  main.o(.data)
    duration_note33                          0x200000a6   Data           2  main.o(.data)
    duration_note34                          0x200000a8   Data           2  main.o(.data)
    duration_note35                          0x200000aa   Data           2  main.o(.data)
    duration_note36                          0x200000ac   Data           2  main.o(.data)
    duration_note37                          0x200000ae   Data           2  main.o(.data)
    duration_note38                          0x200000b0   Data           2  main.o(.data)
    duration_note39                          0x200000b2   Data           2  main.o(.data)
    duration_note40                          0x200000b4   Data           2  main.o(.data)
    duration_note41                          0x200000b6   Data           2  main.o(.data)
    duration_note42                          0x200000b8   Data           2  main.o(.data)
    duration_note43                          0x200000ba   Data           2  main.o(.data)
    duration_note44                          0x200000bc   Data           2  main.o(.data)
    duration_note45                          0x200000be   Data           2  main.o(.data)
    duration_note46                          0x200000c0   Data           2  main.o(.data)
    duration_note47                          0x200000c2   Data           2  main.o(.data)
    duration_note48                          0x200000c4   Data           2  main.o(.data)
    duration_note49                          0x200000c6   Data           2  main.o(.data)
    duration_note50                          0x200000c8   Data           2  main.o(.data)
    duration_note51                          0x200000ca   Data           2  main.o(.data)
    duration_note52                          0x200000cc   Data           2  main.o(.data)
    duration_note53                          0x200000ce   Data           2  main.o(.data)
    duration_note54                          0x200000d0   Data           2  main.o(.data)
    duration_note55                          0x200000d2   Data           2  main.o(.data)
    duration_note56                          0x200000d4   Data           2  main.o(.data)
    duration_note57                          0x200000d6   Data           2  main.o(.data)
    duration_note58                          0x200000d8   Data           2  main.o(.data)
    duration_note59                          0x200000da   Data           2  main.o(.data)
    duration_note60                          0x200000dc   Data           2  main.o(.data)
    duration_note61                          0x200000de   Data           2  main.o(.data)
    duration_note62                          0x200000e0   Data           2  main.o(.data)
    duration_note63                          0x200000e2   Data           2  main.o(.data)
    duration_note64                          0x200000e4   Data           2  main.o(.data)
    duration_note65                          0x200000e6   Data           2  main.o(.data)
    duration_note66                          0x200000e8   Data           2  main.o(.data)
    duration_note67                          0x200000ea   Data           2  main.o(.data)
    duration_note68                          0x200000ec   Data           2  main.o(.data)
    duration_note69                          0x200000ee   Data           2  main.o(.data)
    duration_note70                          0x200000f0   Data           2  main.o(.data)
    duration_note71                          0x200000f2   Data           2  main.o(.data)
    duration_note72                          0x200000f4   Data           2  main.o(.data)
    duration_note73                          0x200000f6   Data           2  main.o(.data)
    duration_note74                          0x200000f8   Data           2  main.o(.data)
    duration_note75                          0x200000fa   Data           2  main.o(.data)
    duration_note76                          0x200000fc   Data           2  main.o(.data)
    duration_note77                          0x200000fe   Data           2  main.o(.data)
    duration_note78                          0x20000100   Data           2  main.o(.data)
    duration_note79                          0x20000102   Data           2  main.o(.data)
    duration_note80                          0x20000104   Data           2  main.o(.data)
    duration_note81                          0x20000106   Data           2  main.o(.data)
    duration_note82                          0x20000108   Data           2  main.o(.data)
    duration_note83                          0x2000010a   Data           2  main.o(.data)
    duration_note84                          0x2000010c   Data           2  main.o(.data)
    duration_note85                          0x2000010e   Data           2  main.o(.data)
    duration_note86                          0x20000110   Data           2  main.o(.data)
    duration_note87                          0x20000112   Data           2  main.o(.data)
    duration_note88                          0x20000114   Data           2  main.o(.data)
    previousState                            0x20000118   Data           2  main.o(.data)
    curNote                                  0x2000011a   Data           1  main.o(.data)
    duration                                 0x2000011c   Data           2  main.o(.data)
    midiMessagesArray                        0x20000120   Data         130  main.o(.bss)
    notes                                    0x200001a2   Data          10  main.o(.bss)
    durations                                0x200001ac   Data          18  main.o(.bss)
    timer                                    0x200001c0   Data          12  main.o(.bss)
    received_string                          0x200001cc   Data          13  main.o(.bss)
    __libspace_start                         0x200001dc   Data          96  libspace.o(.bss)
    __temporary_stack_top$libspace           0x2000023c   Data           0  libspace.o(.bss)



==============================================================================

Memory Map of the image

  Image Entry point : 0x08000229

  Load Region LR_1 (Base: 0x08000000, Size: 0x000026b4, Max: 0xffffffff, ABSOLUTE)

    Execution Region ER_RO (Base: 0x08000000, Size: 0x00002594, Max: 0xffffffff, ABSOLUTE)

    Base Addr    Size         Type   Attr      Idx    E Section Name        Object

    0x08000000   0x00000188   Data   RO            3    RESET               startup_stm32f4xx.o
    0x08000188   0x00000008   Code   RO          278  * !!!main             c_w.l(__main.o)
    0x08000190   0x00000034   Code   RO          432    !!!scatter          c_w.l(__scatter.o)
    0x080001c4   0x0000001a   Code   RO          434    !!handler_copy      c_w.l(__scatter_copy.o)
    0x080001de   0x00000002   PAD
    0x080001e0   0x0000001c   Code   RO          436    !!handler_zi        c_w.l(__scatter_zi.o)
    0x080001fc   0x00000002   Code   RO          305    .ARM.Collect$$libinit$$00000000  c_w.l(libinit.o)
    0x080001fe   0x00000004   Code   RO          311    .ARM.Collect$$libinit$$00000001  c_w.l(libinit2.o)
    0x08000202   0x00000000   Code   RO          315    .ARM.Collect$$libinit$$00000008  c_w.l(libinit2.o)
    0x08000202   0x00000000   Code   RO          317    .ARM.Collect$$libinit$$0000000A  c_w.l(libinit2.o)
    0x08000202   0x00000000   Code   RO          319    .ARM.Collect$$libinit$$0000000C  c_w.l(libinit2.o)
    0x08000202   0x00000000   Code   RO          322    .ARM.Collect$$libinit$$0000000F  c_w.l(libinit2.o)
    0x08000202   0x00000000   Code   RO          324    .ARM.Collect$$libinit$$00000011  c_w.l(libinit2.o)
    0x08000202   0x00000000   Code   RO          326    .ARM.Collect$$libinit$$00000013  c_w.l(libinit2.o)
    0x08000202   0x00000000   Code   RO          328    .ARM.Collect$$libinit$$00000015  c_w.l(libinit2.o)
    0x08000202   0x00000000   Code   RO          330    .ARM.Collect$$libinit$$00000017  c_w.l(libinit2.o)
    0x08000202   0x00000000   Code   RO          332    .ARM.Collect$$libinit$$00000019  c_w.l(libinit2.o)
    0x08000202   0x00000000   Code   RO          334    .ARM.Collect$$libinit$$0000001B  c_w.l(libinit2.o)
    0x08000202   0x00000000   Code   RO          336    .ARM.Collect$$libinit$$0000001D  c_w.l(libinit2.o)
    0x08000202   0x00000000   Code   RO          338    .ARM.Collect$$libinit$$0000001F  c_w.l(libinit2.o)
    0x08000202   0x00000000   Code   RO          340    .ARM.Collect$$libinit$$00000021  c_w.l(libinit2.o)
    0x08000202   0x00000000   Code   RO          342    .ARM.Collect$$libinit$$00000023  c_w.l(libinit2.o)
    0x08000202   0x00000000   Code   RO          346    .ARM.Collect$$libinit$$0000002A  c_w.l(libinit2.o)
    0x08000202   0x00000000   Code   RO          348    .ARM.Collect$$libinit$$0000002C  c_w.l(libinit2.o)
    0x08000202   0x00000000   Code   RO          350    .ARM.Collect$$libinit$$0000002E  c_w.l(libinit2.o)
    0x08000202   0x00000000   Code   RO          352    .ARM.Collect$$libinit$$00000030  c_w.l(libinit2.o)
    0x08000202   0x00000002   Code   RO          353    .ARM.Collect$$libinit$$00000031  c_w.l(libinit2.o)
    0x08000204   0x00000002   Code   RO          373    .ARM.Collect$$libshutdown$$00000000  c_w.l(libshutdown.o)
    0x08000206   0x00000000   Code   RO          387    .ARM.Collect$$libshutdown$$00000003  c_w.l(libshutdown2.o)
    0x08000206   0x00000000   Code   RO          390    .ARM.Collect$$libshutdown$$00000006  c_w.l(libshutdown2.o)
    0x08000206   0x00000000   Code   RO          393    .ARM.Collect$$libshutdown$$00000009  c_w.l(libshutdown2.o)
    0x08000206   0x00000000   Code   RO          395    .ARM.Collect$$libshutdown$$0000000B  c_w.l(libshutdown2.o)
    0x08000206   0x00000000   Code   RO          398    .ARM.Collect$$libshutdown$$0000000E  c_w.l(libshutdown2.o)
    0x08000206   0x00000002   Code   RO          399    .ARM.Collect$$libshutdown$$0000000F  c_w.l(libshutdown2.o)
    0x08000208   0x00000000   Code   RO          280    .ARM.Collect$$rtentry$$00000000  c_w.l(rtentry.o)
    0x08000208   0x00000000   Code   RO          282    .ARM.Collect$$rtentry$$00000002  c_w.l(rtentry2.o)
    0x08000208   0x00000006   Code   RO          294    .ARM.Collect$$rtentry$$00000004  c_w.l(rtentry4.o)
    0x0800020e   0x00000000   Code   RO          284    .ARM.Collect$$rtentry$$00000009  c_w.l(rtentry2.o)
    0x0800020e   0x00000004   Code   RO          285    .ARM.Collect$$rtentry$$0000000A  c_w.l(rtentry2.o)
    0x08000212   0x00000000   Code   RO          287    .ARM.Collect$$rtentry$$0000000C  c_w.l(rtentry2.o)
    0x08000212   0x00000008   Code   RO          288    .ARM.Collect$$rtentry$$0000000D  c_w.l(rtentry2.o)
    0x0800021a   0x00000002   Code   RO          309    .ARM.Collect$$rtexit$$00000000  c_w.l(rtexit.o)
    0x0800021c   0x00000000   Code   RO          355    .ARM.Collect$$rtexit$$00000002  c_w.l(rtexit2.o)
    0x0800021c   0x00000004   Code   RO          356    .ARM.Collect$$rtexit$$00000003  c_w.l(rtexit2.o)
    0x08000220   0x00000006   Code   RO          357    .ARM.Collect$$rtexit$$00000004  c_w.l(rtexit2.o)
    0x08000226   0x00000002   PAD
    0x08000228   0x00000040   Code   RO            4  * .text               startup_stm32f4xx.o
    0x08000268   0x0000020c   Code   RO           12    .text               system_stm32f4xx.o
    0x08000474   0x00000454   Code   RO           61    .text               stm32f4xx_usart.o
    0x080008c8   0x00000ca2   Code   RO           91    .text               stm32f4xx_tim.o
    0x0800156a   0x00000002   PAD
    0x0800156c   0x00000598   Code   RO          137    .text               stm32f4xx_rcc.o
    0x08001b04   0x0000025c   Code   RO          159    .text               stm32f4xx_gpio.o
    0x08001d60   0x000006ec   Code   RO          205    .text               main.o
    0x0800244c   0x000000ac   Code   RO          252    .text               midi.o
    0x080024f8   0x00000006   Code   RO          276    .text               c_w.l(heapauxi.o)
    0x080024fe   0x0000004a   Code   RO          296    .text               c_w.l(sys_stackheap_outer.o)
    0x08002548   0x0000000c   Code   RO          298    .text               c_w.l(exit.o)
    0x08002554   0x00000008   Code   RO          306    .text               c_w.l(libspace.o)
    0x0800255c   0x0000000c   Code   RO          365    .text               c_w.l(sys_exit.o)
    0x08002568   0x00000002   Code   RO          376    .text               c_w.l(use_no_semi.o)
    0x0800256a   0x00000000   Code   RO          378    .text               c_w.l(indicate_semi.o)
    0x0800256a   0x0000000a   Code   RO          363    x$fpl$fpinit        fz_wm.l(fpinit.o)
    0x08002574   0x00000020   Data   RO          430    Region$$Table       anon$$obj.o


    Execution Region ER_RW (Base: 0x20000000, Size: 0x00000120, Max: 0xffffffff, ABSOLUTE)

    Base Addr    Size         Type   Attr      Idx    E Section Name        Object

    0x20000000   0x00000014   Data   RW           13    .data               system_stm32f4xx.o
    0x20000014   0x00000010   Data   RW          138    .data               stm32f4xx_rcc.o
    0x20000024   0x000000fa   Data   RW          207    .data               main.o


    Execution Region ER_ZI (Base: 0x20000120, Size: 0x00000720, Max: 0xffffffff, ABSOLUTE)

    Base Addr    Size         Type   Attr      Idx    E Section Name        Object

    0x20000120   0x000000b9   Zero   RW          206    .bss                main.o
    0x200001d9   0x00000003   PAD
    0x200001dc   0x00000060   Zero   RW          307    .bss                c_w.l(libspace.o)
    0x2000023c   0x00000004   PAD
    0x20000240   0x00000200   Zero   RW            2    HEAP                startup_stm32f4xx.o
    0x20000440   0x00000400   Zero   RW            1    STACK               startup_stm32f4xx.o


==============================================================================

Image component sizes


      Code (inc. data)   RO Data    RW Data    ZI Data      Debug   Object Name

      1772        192          0        250        185     247684   main.o
       172          4          0          0          0       1477   midi.o
        64         26        392          0       1536        776   startup_stm32f4xx.o
       604         36          0          0          0      10549   stm32f4xx_gpio.o
      1432         54          0         16          0      11100   stm32f4xx_rcc.o
      3234         60          0          0          0      41888   stm32f4xx_tim.o
      1108         34          0          0          0      26924   stm32f4xx_usart.o
       524         44          0         20          0     216815   system_stm32f4xx.o

    ----------------------------------------------------------------------
      8912        450        424        288       1724     557213   Object Totals
         0          0         32          0          0          0   (incl. Generated)
         2          0          0          2          3          0   (incl. Padding)

    ----------------------------------------------------------------------

      Code (inc. data)   RO Data    RW Data    ZI Data      Debug   Library Member Name

         8          0          0          0          0         68   __main.o
        52          8          0          0          0          0   __scatter.o
        26          0          0          0          0          0   __scatter_copy.o
        28          0          0          0          0          0   __scatter_zi.o
        12          0          0          0          0         72   exit.o
         6          0          0          0          0        152   heapauxi.o
         0          0          0          0          0          0   indicate_semi.o
         2          0          0          0          0          0   libinit.o
         6          0          0          0          0          0   libinit2.o
         2          0          0          0          0          0   libshutdown.o
         2          0          0          0          0          0   libshutdown2.o
         8          4          0          0         96         68   libspace.o
         0          0          0          0          0          0   rtentry.o
        12          0          0          0          0          0   rtentry2.o
         6          0          0          0          0          0   rtentry4.o
         2          0          0          0          0          0   rtexit.o
        10          0          0          0          0          0   rtexit2.o
        12          4          0          0          0         68   sys_exit.o
        74          0          0          0          0         80   sys_stackheap_outer.o
         2          0          0          0          0         68   use_no_semi.o
        10          0          0          0          0        116   fpinit.o

    ----------------------------------------------------------------------
       284         16          0          0        100        692   Library Totals
         4          0          0          0          4          0   (incl. Padding)

    ----------------------------------------------------------------------

      Code (inc. data)   RO Data    RW Data    ZI Data      Debug   Library Name

       270         16          0          0         96        576   c_w.l
        10          0          0          0          0        116   fz_wm.l

    ----------------------------------------------------------------------
       284         16          0          0        100        692   Library Totals

    ----------------------------------------------------------------------

==============================================================================


      Code (inc. data)   RO Data    RW Data    ZI Data      Debug   

      9196        466        424        288       1824     555745   Grand Totals
      9196        466        424        288       1824     555745   ELF Image Totals
      9196        466        424        288          0          0   ROM Totals

==============================================================================

    Total RO  Size (Code + RO Data)                 9620 (   9.39kB)
    Total RW  Size (RW Data + ZI Data)              2112 (   2.06kB)
    Total ROM Size (Code + RO Data + RW Data)       9908 (   9.68kB)

==============================================================================

